******************************************************************************
                  TI ARM Linker PC v16.9.3                     
******************************************************************************
>> Linked Fri Dec 08 18:12:25 2017

OUTPUT FILE NAME:   <battlebot_mounted_henault_charles_fu.out>
ENTRY POINT SYMBOL: "_c_int00"  address: 00001e79


MEMORY CONFIGURATION

         name            origin    length      used     unused   attr    fill
----------------------  --------  ---------  --------  --------  ----  --------
  MAIN                  00000000   00040000  00002094  0003df6c  R  X
  INFO                  00200000   00004000  00000000  00004000  R  X
  SRAM_CODE             01000000   00010000  00000652  0000f9ae  RW X
  SRAM_DATA             20000000   00010000  00000652  0000f9ae  RW  


SEGMENT ALLOCATION MAP

run origin  load origin   length   init length attrs members
----------  ----------- ---------- ----------- ----- -------
00000000    00000000    00002098   00002098    r-x
  00000000    00000000    000000e4   000000e4    r-- .intvecs
  000000e4    000000e4    00001f60   00001f60    r-x .text
  00002048    00002048    00000050   00000050    r-- .cinit
20000000    20000000    00000454   00000000    rw-
  20000000    20000000    00000400   00000000    rw- .sysmem
  20000400    20000400    0000003e   00000000    rw- .data
  20000440    20000440    00000014   00000000    rw- .bss
2000fe00    2000fe00    00000200   00000000    rw-
  2000fe00    2000fe00    00000200   00000000    rw- .stack


SECTION ALLOCATION MAP

 output                                  attributes/
section   page    origin      length       input sections
--------  ----  ----------  ----------   ----------------
.intvecs   0    00000000    000000e4     
                  00000000    000000e4     startup_msp432p401r_ccs.obj (.intvecs:retain)

.binit     0    00000000    00000000     

.text      0    000000e4    00001f60     
                  000000e4    00000b3c     functions_final.obj (.text)
                  00000c20    000003d0     rtsv7M4_T_le_v4SPD16_eabi.lib : memory.obj (.text)
                  00000ff0    0000032c     system_msp432p401r.obj (.text)
                  0000131c    00000296     circbuf_final.obj (.text)
                  000015b2    00000002     rtsv7M4_T_le_v4SPD16_eabi.lib : mpu_init.obj (.text)
                  000015b4    00000240     port_final.obj (.text)
                  000017f4    00000136     rtsv7M4_T_le_v4SPD16_eabi.lib : fd_div_t2.obj (.text)
                  0000192a    00000002                                   : startup.obj (.text)
                  0000192c    00000104     uart_final.obj (.text)
                  00001a30    000000fc     rtsv7M4_T_le_v4SPD16_eabi.lib : fd_mul_t2.obj (.text)
                  00001b2c    0000009c                                   : memcpy_t2.obj (.text)
                  00001bc8    0000008c     timer_final.obj (.text)
                  00001c54    0000007a     rtsv7M4_T_le_v4SPD16_eabi.lib : memset_t2.obj (.text)
                  00001cce    00000002     --HOLE-- [fill = 0]
                  00001cd0    00000070                                   : autoinit.obj (.text)
                  00001d40    0000006e                                   : fd_tos_t2.obj (.text)
                  00001dae    00000068                                   : copy_decompress_lzss.obj (.text:decompress:lzss)
                  00001e16    00000002     --HOLE-- [fill = 0]
                  00001e18    00000060                                   : s_truncf.obj (.text)
                  00001e78    00000054                                   : boot.obj (.text)
                  00001ecc    00000054                                   : exit.obj (.text)
                  00001f20    0000004c                                   : cpy_tbl.obj (.text)
                  00001f6c    00000048     main.obj (.text)
                  00001fb4    00000038     rtsv7M4_T_le_v4SPD16_eabi.lib : fs_tod_t2.obj (.text)
                  00001fec    00000018                                   : args_main.obj (.text)
                  00002004    00000014                                   : _lock.obj (.text)
                  00002018    0000000e                                   : copy_decompress_none.obj (.text:decompress:none)
                  00002026    0000000e     startup_msp432p401r_ccs.obj (.text)
                  00002034    0000000c     rtsv7M4_T_le_v4SPD16_eabi.lib : copy_zero_init.obj (.text:decompress:ZI)
                  00002040    00000004                                   : pre_init.obj (.text)

.cinit     0    00002048    00000050     
                  00002048    00000029     (.cinit..data.load) [load image, compression = lzss]
                  00002071    00000003     --HOLE-- [fill = 0]
                  00002074    0000000c     (__TI_handler_table)
                  00002080    00000008     (.cinit..bss.load) [load image, compression = zero_init]
                  00002088    00000010     (__TI_cinit_table)

.init_array 
*          0    00000000    00000000     UNINITIALIZED

.sysmem    0    20000000    00000400     UNINITIALIZED
                  20000000    00000008     rtsv7M4_T_le_v4SPD16_eabi.lib : memory.obj (.sysmem)
                  20000008    000003f8     --HOLE--

.data      0    20000400    0000003e     UNINITIALIZED
                  20000400    00000014     main.obj (.data)
                  20000414    0000000c     rtsv7M4_T_le_v4SPD16_eabi.lib : exit.obj (.data:$O1$$)
                  20000420    0000000c                                   : memory.obj (.data:$O1$$)
                  2000042c    00000008                                   : _lock.obj (.data:$O1$$)
                  20000434    00000004                                   : stkdepth_vars.obj (.data)
                  20000438    00000004     system_msp432p401r.obj (.data)
                  2000043c    00000002     functions_final.obj (.data)

.bss       0    20000440    00000014     UNINITIALIZED
                  20000440    00000014     (.common:Ranged_Controls)

.stack     0    2000fe00    00000200     UNINITIALIZED
                  2000fe00    00000200     --HOLE--

MODULE SUMMARY

       Module                        code   ro data   rw data
       ------                        ----   -------   -------
    .\
       functions_final.obj           2876   0         4      
       system_msp432p401r.obj        812    0         8      
       circbuf_final.obj             662    0         0      
       port_final.obj                576    0         0      
       uart_final.obj                260    0         0      
       startup_msp432p401r_ccs.obj   14     228       0      
       main.obj                      72     0         80     
       timer_final.obj               140    0         0      
    +--+-----------------------------+------+---------+---------+
       Total:                        5412   228       92     
                                                             
    F:\ti\ccsv7\tools\compiler\ti-cgt-arm_16.9.3.LTS\lib\rtsv7M4_T_le_v4SPD16_eabi.lib
       memory.obj                    976    0         24     
       fd_div_t2.obj                 310    0         0      
       fd_mul_t2.obj                 252    0         0      
       memcpy_t2.obj                 156    0         0      
       memset_t2.obj                 122    0         0      
       autoinit.obj                  112    0         0      
       fd_tos_t2.obj                 110    0         0      
       exit.obj                      84     0         24     
       copy_decompress_lzss.obj      104    0         0      
       s_truncf.obj                  96     0         0      
       boot.obj                      84     0         0      
       cpy_tbl.obj                   76     0         0      
       fs_tod_t2.obj                 56     0         0      
       _lock.obj                     20     0         16     
       args_main.obj                 24     0         0      
       copy_decompress_none.obj      14     0         0      
       copy_zero_init.obj            12     0         0      
       stkdepth_vars.obj             0      0         8      
       pre_init.obj                  4      0         0      
       mpu_init.obj                  2      0         0      
       startup.obj                   2      0         0      
    +--+-----------------------------+------+---------+---------+
       Total:                        2616   0         72     
                                                             
       Heap:                         0      0         2048   
       Stack:                        0      0         1024   
       Linker Generated:             0      77        0      
    +--+-----------------------------+------+---------+---------+
       Grand Total:                  8028   305       3236   


LINKER GENERATED COPY TABLES

__TI_cinit_table @ 00002088 records: 2, size/record: 8, table size: 16
	.data: load addr=00002048, load size=00000029 bytes, run addr=20000400, run size=0000003e bytes, compression=lzss
	.bss: load addr=00002080, load size=00000008 bytes, run addr=20000440, run size=00000014 bytes, compression=zero_init


LINKER GENERATED HANDLER TABLE

__TI_handler_table @ 00002074 records: 3, size/record: 4, table size: 12
	index: 0, handler: __TI_decompress_lzss
	index: 1, handler: __TI_decompress_none
	index: 2, handler: __TI_zero_init


GLOBAL SYMBOLS: SORTED ALPHABETICALLY BY Name 

address   name                           
-------   ----                           
00002033  ADC14_IRQHandler               
00002033  AES256_IRQHandler              
000019f3  Bluetooth_send_byte            
000019c3  Bluetooth_send_n               
00002033  BusFault_Handler               
00001ecd  C$$EXIT                        
00001459  CB_add_item_to_buffer          
00001383  CB_clear_buffer                
0000153b  CB_copy_buffer                 
000013e9  CB_delete_buffer               
0000131d  CB_initialize_buffer           
0000143b  CB_is_buffer_empty             
00001417  CB_is_buffer_full              
000014c3  CB_remove_item_from_buffer     
00002033  COMP_E0_IRQHandler             
00002033  COMP_E1_IRQHandler             
00002033  CS_IRQHandler                  
00002033  DMA_ERR_IRQHandler             
00002033  DMA_INT0_IRQHandler            
00002033  DMA_INT1_IRQHandler            
00002033  DMA_INT2_IRQHandler            
00002033  DMA_INT3_IRQHandler            
00002033  DebugMon_Handler               
00002033  Default_Handler                
00002033  EUSCIA0_IRQHandler             
00002033  EUSCIA1_IRQHandler             
000019a5  EUSCIA2_IRQHandler             
000019a5  EUSCIA2_IRQHandler             
00002033  EUSCIA3_IRQHandler             
00002033  EUSCIB0_IRQHandler             
00002033  EUSCIB1_IRQHandler             
00002033  EUSCIB2_IRQHandler             
00002033  EUSCIB3_IRQHandler             
00002033  FLCTL_IRQHandler               
00002033  FPU_IRQHandler                 
00002033  HardFault_Handler              
20000404  LeftEnc                        
00002033  MemManage_Handler              
00002033  NMI_Handler                    
00002033  PCM_IRQHandler                 
00001729  PORT1_IRQHandler               
00001729  PORT1_IRQHandler               
00002033  PORT2_IRQHandler               
00001745  PORT3_IRQHandler               
00001745  PORT3_IRQHandler               
00002033  PORT4_IRQHandler               
0000175f  PORT5_IRQHandler               
0000175f  PORT5_IRQHandler               
00002033  PORT6_IRQHandler               
00002033  PSS_IRQHandler                 
00002033  PendSV_Handler                 
00002033  RTC_C_IRQHandler               
20000400  Ranged                         
00000ab5  Ranged_Commands                
20000440  Ranged_Controls                
00000af9  Receive_Function               
00002027  Reset_Handler                  
20000408  RightEnc                       
000000e5  Robot_Action_Melee             
00000395  Robot_Action_Ranged            
UNDEFED   SHT$$INIT_ARRAY$$Base          
UNDEFED   SHT$$INIT_ARRAY$$Limit         
00002033  SVC_Handler                    
00002033  SysTick_Handler                
20000438  SystemCoreClock                
00000ff1  SystemCoreClockUpdate          
00001265  SystemInit                     
00002033  T32_INT1_IRQHandler            
00002033  T32_INT2_IRQHandler            
00002033  T32_INTC_IRQHandler            
00002033  TA0_0_IRQHandler               
00002033  TA0_N_IRQHandler               
00002033  TA1_0_IRQHandler               
00002033  TA1_N_IRQHandler               
00002033  TA2_0_IRQHandler               
00002033  TA2_N_IRQHandler               
00002033  TA3_0_IRQHandler               
00002033  TA3_N_IRQHandler               
00002033  UsageFault_Handler             
4000480c  WDTCTL_SYM                     
00002033  WDT_A_IRQHandler               
20010000  __STACK_END                    
00000200  __STACK_SIZE                   
00000400  __SYSMEM_SIZE                  
00002088  __TI_CINIT_Base                
00002098  __TI_CINIT_Limit               
00002074  __TI_Handler_Table_Base        
00002080  __TI_Handler_Table_Limit       
00001cd1  __TI_auto_init                 
20000414  __TI_cleanup_ptr               
00001daf  __TI_decompress_lzss           
00002019  __TI_decompress_none           
20000418  __TI_dtors_ptr                 
2000041c  __TI_enable_exit_profile_output
ffffffff  __TI_pprof_out_hndl            
ffffffff  __TI_prof_data_size            
ffffffff  __TI_prof_data_start           
00000000  __TI_static_base__             
00002035  __TI_zero_init                 
00001d41  __aeabi_d2f                    
000017f5  __aeabi_ddiv                   
00001a31  __aeabi_dmul                   
00001fb5  __aeabi_f2d                    
00001c55  __aeabi_memclr                 
00001c55  __aeabi_memclr4                
00001c55  __aeabi_memclr8                
00001b2d  __aeabi_memcpy                 
00001b2d  __aeabi_memcpy4                
00001b2d  __aeabi_memcpy8                
00001c57  __aeabi_memset                 
00001c57  __aeabi_memset4                
00001c57  __aeabi_memset8                
ffffffff  __binit__                      
ffffffff  __c_args__                     
000015b3  __mpu_init                     
2000fe00  __stack                        
00001fed  _args_main                     
00001e79  _c_int00                       
2000042c  _lock                          
00002013  _nop                           
0000200b  _register_lock                 
00002005  _register_unlock               
20000000  _sys_memory                    
0000192b  _system_post_cinit             
00002041  _system_pre_init               
20000430  _unlock                        
00001ed1  abort                          
ffffffff  binit                          
00000fc1  calloc                         
00001f21  copy_in                        
20000410  distance                       
00001ed9  exit                           
2000043c  first                          
2000040c  flags                          
00000d0b  free                           
00000000  interruptVectors               
00001f6d  main                           
20000434  main_func_sp                   
00000ca1  malloc                         
00000ed5  memalign                       
00001b2d  memcpy                         
00001c5d  memset                         
00000c21  minit                          
000015e1  port_config                    
00000dcd  realloc                        
2000043d  second                         
00001bc9  timer_config                   
00001e19  truncf                         
00001959  uart_config                    


GLOBAL SYMBOLS: SORTED BY Symbol Address 

address   name                           
-------   ----                           
00000000  __TI_static_base__             
00000000  interruptVectors               
000000e5  Robot_Action_Melee             
00000200  __STACK_SIZE                   
00000395  Robot_Action_Ranged            
00000400  __SYSMEM_SIZE                  
00000ab5  Ranged_Commands                
00000af9  Receive_Function               
00000c21  minit                          
00000ca1  malloc                         
00000d0b  free                           
00000dcd  realloc                        
00000ed5  memalign                       
00000fc1  calloc                         
00000ff1  SystemCoreClockUpdate          
00001265  SystemInit                     
0000131d  CB_initialize_buffer           
00001383  CB_clear_buffer                
000013e9  CB_delete_buffer               
00001417  CB_is_buffer_full              
0000143b  CB_is_buffer_empty             
00001459  CB_add_item_to_buffer          
000014c3  CB_remove_item_from_buffer     
0000153b  CB_copy_buffer                 
000015b3  __mpu_init                     
000015e1  port_config                    
00001729  PORT1_IRQHandler               
00001729  PORT1_IRQHandler               
00001745  PORT3_IRQHandler               
00001745  PORT3_IRQHandler               
0000175f  PORT5_IRQHandler               
0000175f  PORT5_IRQHandler               
000017f5  __aeabi_ddiv                   
0000192b  _system_post_cinit             
00001959  uart_config                    
000019a5  EUSCIA2_IRQHandler             
000019a5  EUSCIA2_IRQHandler             
000019c3  Bluetooth_send_n               
000019f3  Bluetooth_send_byte            
00001a31  __aeabi_dmul                   
00001b2d  __aeabi_memcpy                 
00001b2d  __aeabi_memcpy4                
00001b2d  __aeabi_memcpy8                
00001b2d  memcpy                         
00001bc9  timer_config                   
00001c55  __aeabi_memclr                 
00001c55  __aeabi_memclr4                
00001c55  __aeabi_memclr8                
00001c57  __aeabi_memset                 
00001c57  __aeabi_memset4                
00001c57  __aeabi_memset8                
00001c5d  memset                         
00001cd1  __TI_auto_init                 
00001d41  __aeabi_d2f                    
00001daf  __TI_decompress_lzss           
00001e19  truncf                         
00001e79  _c_int00                       
00001ecd  C$$EXIT                        
00001ed1  abort                          
00001ed9  exit                           
00001f21  copy_in                        
00001f6d  main                           
00001fb5  __aeabi_f2d                    
00001fed  _args_main                     
00002005  _register_unlock               
0000200b  _register_lock                 
00002013  _nop                           
00002019  __TI_decompress_none           
00002027  Reset_Handler                  
00002033  ADC14_IRQHandler               
00002033  AES256_IRQHandler              
00002033  BusFault_Handler               
00002033  COMP_E0_IRQHandler             
00002033  COMP_E1_IRQHandler             
00002033  CS_IRQHandler                  
00002033  DMA_ERR_IRQHandler             
00002033  DMA_INT0_IRQHandler            
00002033  DMA_INT1_IRQHandler            
00002033  DMA_INT2_IRQHandler            
00002033  DMA_INT3_IRQHandler            
00002033  DebugMon_Handler               
00002033  Default_Handler                
00002033  EUSCIA0_IRQHandler             
00002033  EUSCIA1_IRQHandler             
00002033  EUSCIA3_IRQHandler             
00002033  EUSCIB0_IRQHandler             
00002033  EUSCIB1_IRQHandler             
00002033  EUSCIB2_IRQHandler             
00002033  EUSCIB3_IRQHandler             
00002033  FLCTL_IRQHandler               
00002033  FPU_IRQHandler                 
00002033  HardFault_Handler              
00002033  MemManage_Handler              
00002033  NMI_Handler                    
00002033  PCM_IRQHandler                 
00002033  PORT2_IRQHandler               
00002033  PORT4_IRQHandler               
00002033  PORT6_IRQHandler               
00002033  PSS_IRQHandler                 
00002033  PendSV_Handler                 
00002033  RTC_C_IRQHandler               
00002033  SVC_Handler                    
00002033  SysTick_Handler                
00002033  T32_INT1_IRQHandler            
00002033  T32_INT2_IRQHandler            
00002033  T32_INTC_IRQHandler            
00002033  TA0_0_IRQHandler               
00002033  TA0_N_IRQHandler               
00002033  TA1_0_IRQHandler               
00002033  TA1_N_IRQHandler               
00002033  TA2_0_IRQHandler               
00002033  TA2_N_IRQHandler               
00002033  TA3_0_IRQHandler               
00002033  TA3_N_IRQHandler               
00002033  UsageFault_Handler             
00002033  WDT_A_IRQHandler               
00002035  __TI_zero_init                 
00002041  _system_pre_init               
00002074  __TI_Handler_Table_Base        
00002080  __TI_Handler_Table_Limit       
00002088  __TI_CINIT_Base                
00002098  __TI_CINIT_Limit               
20000000  _sys_memory                    
20000400  Ranged                         
20000404  LeftEnc                        
20000408  RightEnc                       
2000040c  flags                          
20000410  distance                       
20000414  __TI_cleanup_ptr               
20000418  __TI_dtors_ptr                 
2000041c  __TI_enable_exit_profile_output
2000042c  _lock                          
20000430  _unlock                        
20000434  main_func_sp                   
20000438  SystemCoreClock                
2000043c  first                          
2000043d  second                         
20000440  Ranged_Controls                
2000fe00  __stack                        
20010000  __STACK_END                    
4000480c  WDTCTL_SYM                     
ffffffff  __TI_pprof_out_hndl            
ffffffff  __TI_prof_data_size            
ffffffff  __TI_prof_data_start           
ffffffff  __binit__                      
ffffffff  __c_args__                     
ffffffff  binit                          
UNDEFED   SHT$$INIT_ARRAY$$Base          
UNDEFED   SHT$$INIT_ARRAY$$Limit         

[149 symbols]
